// Jest Snapshot v1, https://goo.gl/fbAQLP

exports[`Footer should render correctly 1`] = `
ShallowWrapper {
  Symbol(enzyme.__root__): [Circular],
  Symbol(enzyme.__unrendered__): <Footer />,
  Symbol(enzyme.__renderer__): Object {
    "batchedUpdates": [Function],
    "checkPropTypes": [Function],
    "getNode": [Function],
    "render": [Function],
    "simulateError": [Function],
    "simulateEvent": [Function],
    "unmount": [Function],
  },
  Symbol(enzyme.__node__): Object {
    "instance": null,
    "key": undefined,
    "nodeType": "host",
    "props": Object {
      "children": Array [
        <ForwardRef>
          🤑 Support The Boys 🤑
        </ForwardRef>,
        <ForwardRef
          onClick={[Function]}
        >
          📝 Manage Documents
        </ForwardRef>,
        <ForwardRef>
          💾 Save Document
        </ForwardRef>,
        false,
      ],
    },
    "ref": null,
    "rendered": Array [
      Object {
        "instance": null,
        "key": undefined,
        "nodeType": "function",
        "props": Object {
          "children": "🤑 Support The Boys 🤑",
        },
        "ref": null,
        "rendered": "🤑 Support The Boys 🤑",
        "type": Object {
          "$$typeof": Symbol(react.forward_ref),
          "attrs": Array [],
          "componentStyle": ComponentStyle {
            "componentId": "sc-htoDjs",
            "isStatic": false,
            "rules": Array [
              "
    display: inline-block;
    padding: 0.5rem 0.75rem;
    background-color: white;
    border-radius: 3px;
    font-family: ",
              [Function],
              ";
    font-weight: bold;
    transition: 150ms all;
    ",
              [Function],
              "

    &:hover {
        cursor: pointer;
        color: white;
        background-color: ",
              [Function],
              ";
        ",
              [Function],
              "
    }
",
              "
    position: absolute;
    bottom: 15px;
    left: 15px;
    width: 190px;
",
            ],
          },
          "displayName": "Styled(styled.div)",
          "foldedComponentIds": Array [
            "sc-bdVaJa",
          ],
          "render": [Function],
          "styledComponentId": "sc-htoDjs",
          "target": "div",
          "toString": [Function],
          "warnTooManyClasses": [Function],
          "withComponent": [Function],
        },
      },
      Object {
        "instance": null,
        "key": undefined,
        "nodeType": "function",
        "props": Object {
          "children": "📝 Manage Documents",
          "onClick": [Function],
        },
        "ref": null,
        "rendered": "📝 Manage Documents",
        "type": Object {
          "$$typeof": Symbol(react.forward_ref),
          "attrs": Array [],
          "componentStyle": ComponentStyle {
            "componentId": "sc-iwsKbI",
            "isStatic": false,
            "rules": Array [
              "
    display: inline-block;
    padding: 0.5rem 0.75rem;
    background-color: white;
    border-radius: 3px;
    font-family: ",
              [Function],
              ";
    font-weight: bold;
    transition: 150ms all;
    ",
              [Function],
              "

    &:hover {
        cursor: pointer;
        color: white;
        background-color: ",
              [Function],
              ";
        ",
              [Function],
              "
    }
",
              "
    position: absolute;
    bottom: 15px;
    width: 190px;
    left: 220px;
",
            ],
          },
          "displayName": "Styled(styled.div)",
          "foldedComponentIds": Array [
            "sc-bdVaJa",
          ],
          "render": [Function],
          "styledComponentId": "sc-iwsKbI",
          "target": "div",
          "toString": [Function],
          "warnTooManyClasses": [Function],
          "withComponent": [Function],
        },
      },
      Object {
        "instance": null,
        "key": undefined,
        "nodeType": "function",
        "props": Object {
          "children": "💾 Save Document",
          "onClick": undefined,
        },
        "ref": null,
        "rendered": "💾 Save Document",
        "type": Object {
          "$$typeof": Symbol(react.forward_ref),
          "attrs": Array [],
          "componentStyle": ComponentStyle {
            "componentId": "sc-gZMcBi",
            "isStatic": false,
            "rules": Array [
              "
    display: inline-block;
    padding: 0.5rem 0.75rem;
    background-color: white;
    border-radius: 3px;
    font-family: ",
              [Function],
              ";
    font-weight: bold;
    transition: 150ms all;
    ",
              [Function],
              "

    &:hover {
        cursor: pointer;
        color: white;
        background-color: ",
              [Function],
              ";
        ",
              [Function],
              "
    }
",
              "
    position: absolute;
    bottom: 15px;
    left: 425px;
",
            ],
          },
          "displayName": "Styled(styled.div)",
          "foldedComponentIds": Array [
            "sc-bdVaJa",
          ],
          "render": [Function],
          "styledComponentId": "sc-gZMcBi",
          "target": "div",
          "toString": [Function],
          "warnTooManyClasses": [Function],
          "withComponent": [Function],
        },
      },
      false,
    ],
    "type": "div",
  },
  Symbol(enzyme.__nodes__): Array [
    Object {
      "instance": null,
      "key": undefined,
      "nodeType": "host",
      "props": Object {
        "children": Array [
          <ForwardRef>
            🤑 Support The Boys 🤑
          </ForwardRef>,
          <ForwardRef
            onClick={[Function]}
          >
            📝 Manage Documents
          </ForwardRef>,
          <ForwardRef>
            💾 Save Document
          </ForwardRef>,
          false,
        ],
      },
      "ref": null,
      "rendered": Array [
        Object {
          "instance": null,
          "key": undefined,
          "nodeType": "function",
          "props": Object {
            "children": "🤑 Support The Boys 🤑",
          },
          "ref": null,
          "rendered": "🤑 Support The Boys 🤑",
          "type": Object {
            "$$typeof": Symbol(react.forward_ref),
            "attrs": Array [],
            "componentStyle": ComponentStyle {
              "componentId": "sc-htoDjs",
              "isStatic": false,
              "rules": Array [
                "
    display: inline-block;
    padding: 0.5rem 0.75rem;
    background-color: white;
    border-radius: 3px;
    font-family: ",
                [Function],
                ";
    font-weight: bold;
    transition: 150ms all;
    ",
                [Function],
                "

    &:hover {
        cursor: pointer;
        color: white;
        background-color: ",
                [Function],
                ";
        ",
                [Function],
                "
    }
",
                "
    position: absolute;
    bottom: 15px;
    left: 15px;
    width: 190px;
",
              ],
            },
            "displayName": "Styled(styled.div)",
            "foldedComponentIds": Array [
              "sc-bdVaJa",
            ],
            "render": [Function],
            "styledComponentId": "sc-htoDjs",
            "target": "div",
            "toString": [Function],
            "warnTooManyClasses": [Function],
            "withComponent": [Function],
          },
        },
        Object {
          "instance": null,
          "key": undefined,
          "nodeType": "function",
          "props": Object {
            "children": "📝 Manage Documents",
            "onClick": [Function],
          },
          "ref": null,
          "rendered": "📝 Manage Documents",
          "type": Object {
            "$$typeof": Symbol(react.forward_ref),
            "attrs": Array [],
            "componentStyle": ComponentStyle {
              "componentId": "sc-iwsKbI",
              "isStatic": false,
              "rules": Array [
                "
    display: inline-block;
    padding: 0.5rem 0.75rem;
    background-color: white;
    border-radius: 3px;
    font-family: ",
                [Function],
                ";
    font-weight: bold;
    transition: 150ms all;
    ",
                [Function],
                "

    &:hover {
        cursor: pointer;
        color: white;
        background-color: ",
                [Function],
                ";
        ",
                [Function],
                "
    }
",
                "
    position: absolute;
    bottom: 15px;
    width: 190px;
    left: 220px;
",
              ],
            },
            "displayName": "Styled(styled.div)",
            "foldedComponentIds": Array [
              "sc-bdVaJa",
            ],
            "render": [Function],
            "styledComponentId": "sc-iwsKbI",
            "target": "div",
            "toString": [Function],
            "warnTooManyClasses": [Function],
            "withComponent": [Function],
          },
        },
        Object {
          "instance": null,
          "key": undefined,
          "nodeType": "function",
          "props": Object {
            "children": "💾 Save Document",
            "onClick": undefined,
          },
          "ref": null,
          "rendered": "💾 Save Document",
          "type": Object {
            "$$typeof": Symbol(react.forward_ref),
            "attrs": Array [],
            "componentStyle": ComponentStyle {
              "componentId": "sc-gZMcBi",
              "isStatic": false,
              "rules": Array [
                "
    display: inline-block;
    padding: 0.5rem 0.75rem;
    background-color: white;
    border-radius: 3px;
    font-family: ",
                [Function],
                ";
    font-weight: bold;
    transition: 150ms all;
    ",
                [Function],
                "

    &:hover {
        cursor: pointer;
        color: white;
        background-color: ",
                [Function],
                ";
        ",
                [Function],
                "
    }
",
                "
    position: absolute;
    bottom: 15px;
    left: 425px;
",
              ],
            },
            "displayName": "Styled(styled.div)",
            "foldedComponentIds": Array [
              "sc-bdVaJa",
            ],
            "render": [Function],
            "styledComponentId": "sc-gZMcBi",
            "target": "div",
            "toString": [Function],
            "warnTooManyClasses": [Function],
            "withComponent": [Function],
          },
        },
        false,
      ],
      "type": "div",
    },
  ],
  Symbol(enzyme.__options__): Object {
    "adapter": ReactSixteenAdapter {
      "options": Object {
        "enableComponentDidUpdateOnSetState": true,
        "legacyContextMode": "parent",
        "lifecycles": Object {
          "componentDidUpdate": Object {
            "onSetState": true,
          },
          "getChildContext": Object {
            "calledByRenderer": false,
          },
          "getDerivedStateFromProps": true,
          "getSnapshotBeforeUpdate": true,
          "setState": Object {
            "skipsComponentDidUpdateOnNullish": true,
          },
        },
      },
    },
  },
}
`;
